Archive member included to satisfy reference by file (symbol)

c:/programy/arm_gnu_toolchain/arm-none-eabi/12.2 rel1/bin/../lib/gcc/arm-none-eabi/12.2.1/thumb/v6-m/nofp\libc_nano.a(libc_a-exit.o)
                              c:/programy/arm_gnu_toolchain/arm-none-eabi/12.2 rel1/bin/../lib/gcc/arm-none-eabi/12.2.1/thumb/v6-m/nofp/crt0.o (exit)
c:/programy/arm_gnu_toolchain/arm-none-eabi/12.2 rel1/bin/../lib/gcc/arm-none-eabi/12.2.1/thumb/v6-m/nofp\libc_nano.a(libc_a-findfp.o)
                              c:/programy/arm_gnu_toolchain/arm-none-eabi/12.2 rel1/bin/../lib/gcc/arm-none-eabi/12.2.1/thumb/v6-m/nofp\libc_nano.a(libc_a-exit.o) (__stdio_exit_handler)
c:/programy/arm_gnu_toolchain/arm-none-eabi/12.2 rel1/bin/../lib/gcc/arm-none-eabi/12.2.1/thumb/v6-m/nofp\libc_nano.a(libc_a-fwalk.o)
                              c:/programy/arm_gnu_toolchain/arm-none-eabi/12.2 rel1/bin/../lib/gcc/arm-none-eabi/12.2.1/thumb/v6-m/nofp\libc_nano.a(libc_a-findfp.o) (_fwalk_sglue)
c:/programy/arm_gnu_toolchain/arm-none-eabi/12.2 rel1/bin/../lib/gcc/arm-none-eabi/12.2.1/thumb/v6-m/nofp\libc_nano.a(libc_a-stdio.o)
                              c:/programy/arm_gnu_toolchain/arm-none-eabi/12.2 rel1/bin/../lib/gcc/arm-none-eabi/12.2.1/thumb/v6-m/nofp\libc_nano.a(libc_a-findfp.o) (__sread)
c:/programy/arm_gnu_toolchain/arm-none-eabi/12.2 rel1/bin/../lib/gcc/arm-none-eabi/12.2.1/thumb/v6-m/nofp\libc_nano.a(libc_a-memset.o)
                              c:/programy/arm_gnu_toolchain/arm-none-eabi/12.2 rel1/bin/../lib/gcc/arm-none-eabi/12.2.1/thumb/v6-m/nofp/crt0.o (memset)
c:/programy/arm_gnu_toolchain/arm-none-eabi/12.2 rel1/bin/../lib/gcc/arm-none-eabi/12.2.1/thumb/v6-m/nofp\libc_nano.a(libc_a-closer.o)
                              c:/programy/arm_gnu_toolchain/arm-none-eabi/12.2 rel1/bin/../lib/gcc/arm-none-eabi/12.2.1/thumb/v6-m/nofp\libc_nano.a(libc_a-stdio.o) (_close_r)
c:/programy/arm_gnu_toolchain/arm-none-eabi/12.2 rel1/bin/../lib/gcc/arm-none-eabi/12.2.1/thumb/v6-m/nofp\libc_nano.a(libc_a-reent.o)
                              c:/programy/arm_gnu_toolchain/arm-none-eabi/12.2 rel1/bin/../lib/gcc/arm-none-eabi/12.2.1/thumb/v6-m/nofp\libc_nano.a(libc_a-closer.o) (errno)
c:/programy/arm_gnu_toolchain/arm-none-eabi/12.2 rel1/bin/../lib/gcc/arm-none-eabi/12.2.1/thumb/v6-m/nofp\libc_nano.a(libc_a-impure.o)
                              c:/programy/arm_gnu_toolchain/arm-none-eabi/12.2 rel1/bin/../lib/gcc/arm-none-eabi/12.2.1/thumb/v6-m/nofp\libc_nano.a(libc_a-reent.o) (_impure_ptr)
c:/programy/arm_gnu_toolchain/arm-none-eabi/12.2 rel1/bin/../lib/gcc/arm-none-eabi/12.2.1/thumb/v6-m/nofp\libc_nano.a(libc_a-lseekr.o)
                              c:/programy/arm_gnu_toolchain/arm-none-eabi/12.2 rel1/bin/../lib/gcc/arm-none-eabi/12.2.1/thumb/v6-m/nofp\libc_nano.a(libc_a-stdio.o) (_lseek_r)
c:/programy/arm_gnu_toolchain/arm-none-eabi/12.2 rel1/bin/../lib/gcc/arm-none-eabi/12.2.1/thumb/v6-m/nofp\libc_nano.a(libc_a-readr.o)
                              c:/programy/arm_gnu_toolchain/arm-none-eabi/12.2 rel1/bin/../lib/gcc/arm-none-eabi/12.2.1/thumb/v6-m/nofp\libc_nano.a(libc_a-stdio.o) (_read_r)
c:/programy/arm_gnu_toolchain/arm-none-eabi/12.2 rel1/bin/../lib/gcc/arm-none-eabi/12.2.1/thumb/v6-m/nofp\libc_nano.a(libc_a-writer.o)
                              c:/programy/arm_gnu_toolchain/arm-none-eabi/12.2 rel1/bin/../lib/gcc/arm-none-eabi/12.2.1/thumb/v6-m/nofp\libc_nano.a(libc_a-stdio.o) (_write_r)
c:/programy/arm_gnu_toolchain/arm-none-eabi/12.2 rel1/bin/../lib/gcc/arm-none-eabi/12.2.1/thumb/v6-m/nofp\libc_nano.a(libc_a-init.o)
                              c:/programy/arm_gnu_toolchain/arm-none-eabi/12.2 rel1/bin/../lib/gcc/arm-none-eabi/12.2.1/thumb/v6-m/nofp/crt0.o (__libc_init_array)
c:/programy/arm_gnu_toolchain/arm-none-eabi/12.2 rel1/bin/../lib/gcc/arm-none-eabi/12.2.1/thumb/v6-m/nofp\libc_nano.a(libc_a-lock.o)
                              c:/programy/arm_gnu_toolchain/arm-none-eabi/12.2 rel1/bin/../lib/gcc/arm-none-eabi/12.2.1/thumb/v6-m/nofp\libc_nano.a(libc_a-findfp.o) (__retarget_lock_init_recursive)
c:/programy/arm_gnu_toolchain/arm-none-eabi/12.2 rel1/bin/../lib/gcc/arm-none-eabi/12.2.1/thumb/v6-m/nofp\libc_nano.a(libc_a-freer.o)
                              c:/programy/arm_gnu_toolchain/arm-none-eabi/12.2 rel1/bin/../lib/gcc/arm-none-eabi/12.2.1/thumb/v6-m/nofp\libc_nano.a(libc_a-reent.o) (_free_r)
c:/programy/arm_gnu_toolchain/arm-none-eabi/12.2 rel1/bin/../lib/gcc/arm-none-eabi/12.2.1/thumb/v6-m/nofp\libc_nano.a(libc_a-mallocr.o)
                              c:/programy/arm_gnu_toolchain/arm-none-eabi/12.2 rel1/bin/../lib/gcc/arm-none-eabi/12.2.1/thumb/v6-m/nofp\libc_nano.a(libc_a-findfp.o) (_malloc_r)
c:/programy/arm_gnu_toolchain/arm-none-eabi/12.2 rel1/bin/../lib/gcc/arm-none-eabi/12.2.1/thumb/v6-m/nofp\libc_nano.a(libc_a-mlock.o)
                              c:/programy/arm_gnu_toolchain/arm-none-eabi/12.2 rel1/bin/../lib/gcc/arm-none-eabi/12.2.1/thumb/v6-m/nofp\libc_nano.a(libc_a-freer.o) (__malloc_lock)
[...]
Memory Configuration

Name             Origin             Length             Attributes
RAM              0x20000000         0x00002000         xrw
FLASH            0x08000000         0x00008000         xr
*default*        0x00000000         0xffffffff

Linker script and memory map

LOAD c:/programy/arm_gnu_toolchain/arm-none-eabi/12.2 rel1/bin/../lib/gcc/arm-none-eabi/12.2.1/thumb/v6-m/nofp/crti.o
LOAD c:/programy/arm_gnu_toolchain/arm-none-eabi/12.2 rel1/bin/../lib/gcc/arm-none-eabi/12.2.1/thumb/v6-m/nofp/crtbegin.o
LOAD c:/programy/arm_gnu_toolchain/arm-none-eabi/12.2 rel1/bin/../lib/gcc/arm-none-eabi/12.2.1/thumb/v6-m/nofp/crt0.o
START GROUP
LOAD c:/programy/arm_gnu_toolchain/arm-none-eabi/12.2 rel1/bin/../lib/gcc/arm-none-eabi/12.2.1/thumb/v6-m/nofp\libc_nano.a
LOAD c:/programy/arm_gnu_toolchain/arm-none-eabi/12.2 rel1/bin/../lib/gcc/arm-none-eabi/12.2.1/thumb/v6-m/nofp\libm.a
LOAD c:/programy/arm_gnu_toolchain/arm-none-eabi/12.2 rel1/bin/../lib/gcc/arm-none-eabi/12.2.1/thumb/v6-m/nofp\libstdc++_nano.a
END GROUP
LOAD CMakeFiles/usb-magnetometer.dir/Core/Src/dma.c.obj
LOAD CMakeFiles/usb-magnetometer.dir/Core/Src/gpio.c.obj
LOAD CMakeFiles/usb-magnetometer.dir/Core/Src/main.c.obj
LOAD CMakeFiles/usb-magnetometer.dir/Core/Src/spi.c.obj
LOAD CMakeFiles/usb-magnetometer.dir/Core/Src/stm32l0xx_hal_msp.c.obj
LOAD CMakeFiles/usb-magnetometer.dir/Core/Src/stm32l0xx_it.c.obj
LOAD CMakeFiles/usb-magnetometer.dir/Core/Src/system_stm32l0xx.c.obj
LOAD CMakeFiles/usb-magnetometer.dir/Core/Src/usart.c.obj
LOAD CMakeFiles/usb-magnetometer.dir/Drivers/STM32L0xx_HAL_Driver/Src/stm32l0xx_hal.c.obj
LOAD CMakeFiles/usb-magnetometer.dir/Drivers/STM32L0xx_HAL_Driver/Src/stm32l0xx_hal_cortex.c.obj
LOAD CMakeFiles/usb-magnetometer.dir/Drivers/STM32L0xx_HAL_Driver/Src/stm32l0xx_hal_dma.c.obj
LOAD CMakeFiles/usb-magnetometer.dir/Drivers/STM32L0xx_HAL_Driver/Src/stm32l0xx_hal_exti.c.obj
LOAD CMakeFiles/usb-magnetometer.dir/Drivers/STM32L0xx_HAL_Driver/Src/stm32l0xx_hal_flash.c.obj
LOAD CMakeFiles/usb-magnetometer.dir/Drivers/STM32L0xx_HAL_Driver/Src/stm32l0xx_hal_flash_ex.c.obj
LOAD CMakeFiles/usb-magnetometer.dir/Drivers/STM32L0xx_HAL_Driver/Src/stm32l0xx_hal_flash_ramfunc.c.obj
LOAD CMakeFiles/usb-magnetometer.dir/Drivers/STM32L0xx_HAL_Driver/Src/stm32l0xx_hal_gpio.c.obj
LOAD CMakeFiles/usb-magnetometer.dir/Drivers/STM32L0xx_HAL_Driver/Src/stm32l0xx_hal_i2c.c.obj
LOAD CMakeFiles/usb-magnetometer.dir/Drivers/STM32L0xx_HAL_Driver/Src/stm32l0xx_hal_i2c_ex.c.obj
LOAD CMakeFiles/usb-magnetometer.dir/Drivers/STM32L0xx_HAL_Driver/Src/stm32l0xx_hal_pwr.c.obj
LOAD CMakeFiles/usb-magnetometer.dir/Drivers/STM32L0xx_HAL_Driver/Src/stm32l0xx_hal_pwr_ex.c.obj
LOAD CMakeFiles/usb-magnetometer.dir/Drivers/STM32L0xx_HAL_Driver/Src/stm32l0xx_hal_rcc.c.obj
LOAD CMakeFiles/usb-magnetometer.dir/Drivers/STM32L0xx_HAL_Driver/Src/stm32l0xx_hal_rcc_ex.c.obj
LOAD CMakeFiles/usb-magnetometer.dir/Drivers/STM32L0xx_HAL_Driver/Src/stm32l0xx_hal_spi.c.obj
LOAD CMakeFiles/usb-magnetometer.dir/Drivers/STM32L0xx_HAL_Driver/Src/stm32l0xx_hal_tim.c.obj
LOAD CMakeFiles/usb-magnetometer.dir/Drivers/STM32L0xx_HAL_Driver/Src/stm32l0xx_hal_tim_ex.c.obj
LOAD CMakeFiles/usb-magnetometer.dir/Drivers/STM32L0xx_HAL_Driver/Src/stm32l0xx_hal_uart.c.obj
LOAD CMakeFiles/usb-magnetometer.dir/Drivers/STM32L0xx_HAL_Driver/Src/stm32l0xx_hal_uart_ex.c.obj
LOAD CMakeFiles/usb-magnetometer.dir/Project/project_main.c.obj
LOAD CMakeFiles/usb-magnetometer.dir/Project/src/server.c.obj
LOAD CMakeFiles/usb-magnetometer.dir/startup_stm32l010x6.s.obj
START GROUP
LOAD c:/programy/arm_gnu_toolchain/arm-none-eabi/12.2 rel1/bin/../lib/gcc/arm-none-eabi/12.2.1/thumb/v6-m/nofp\libgcc.a
LOAD c:/programy/arm_gnu_toolchain/arm-none-eabi/12.2 rel1/bin/../lib/gcc/arm-none-eabi/12.2.1/thumb/v6-m/nofp\libg_nano.a
LOAD c:/programy/arm_gnu_toolchain/arm-none-eabi/12.2 rel1/bin/../lib/gcc/arm-none-eabi/12.2.1/thumb/v6-m/nofp\libc_nano.a
END GROUP
START GROUP
LOAD c:/programy/arm_gnu_toolchain/arm-none-eabi/12.2 rel1/bin/../lib/gcc/arm-none-eabi/12.2.1/thumb/v6-m/nofp\libgcc.a
LOAD c:/programy/arm_gnu_toolchain/arm-none-eabi/12.2 rel1/bin/../lib/gcc/arm-none-eabi/12.2.1/thumb/v6-m/nofp\libc_nano.a
END GROUP
LOAD c:/programy/arm_gnu_toolchain/arm-none-eabi/12.2 rel1/bin/../lib/gcc/arm-none-eabi/12.2.1/thumb/v6-m/nofp/crtend.o
LOAD c:/programy/arm_gnu_toolchain/arm-none-eabi/12.2 rel1/bin/../lib/gcc/arm-none-eabi/12.2.1/thumb/v6-m/nofp/crtn.o
                0x20002000                _estack = (ORIGIN (RAM) + LENGTH (RAM))
                0x00000000                _Min_Heap_Size = 0x0
                0x00000200                _Min_Stack_Size = 0x200

.isr_vector     0x08000000       0xc0
                0x08000000                . = ALIGN (0x4)
 *(.isr_vector)
 .isr_vector    0x08000000       0xc0 CMakeFiles/usb-magnetometer.dir/startup_stm32l010x6.s.obj
                0x08000000                g_pfnVectors
                0x080000c0                . = ALIGN (0x4)

.text           0x080000c0     0x24c4
                0x080000c0                . = ALIGN (0x4)
 *(.text)
 .text          0x080000c0      0x114 c:/programy/arm_gnu_toolchain/arm-none-eabi/12.2 rel1/bin/../lib/gcc/arm-none-eabi/12.2.1/thumb/v6-m/nofp\libgcc.a(_udivsi3.o)
                0x080000c0                __aeabi_uidiv
                0x080000c0                __udivsi3
                0x080001cc                __aeabi_uidivmod
 .text          0x080001d4        0x4 c:/programy/arm_gnu_toolchain/arm-none-eabi/12.2 rel1/bin/../lib/gcc/arm-none-eabi/12.2.1/thumb/v6-m/nofp\libgcc.a(_dvmd_tls.o)
                0x080001d4                __aeabi_idiv0
                0x080001d4                __aeabi_ldiv0
 .text          0x080001d8       0x40 c:/programy/arm_gnu_toolchain/arm-none-eabi/12.2 rel1/bin/../lib/gcc/arm-none-eabi/12.2.1/thumb/v6-m/nofp\libgcc.a(_aeabi_uldivmod.o)
                0x080001d8                __aeabi_uldivmod
 .text          0x08000218       0x18 c:/programy/arm_gnu_toolchain/arm-none-eabi/12.2 rel1/bin/../lib/gcc/arm-none-eabi/12.2.1/thumb/v6-m/nofp\libgcc.a(_clzdi2.o)
                0x08000218                __clzdi2
 .text          0x08000230       0x3c c:/programy/arm_gnu_toolchain/arm-none-eabi/12.2 rel1/bin/../lib/gcc/arm-none-eabi/12.2.1/thumb/v6-m/nofp\libgcc.a(_clzsi2.o)
                0x08000230                __clzsi2
 *(.text*)
 .text.deregister_tm_clones
                0x0800026c       0x20 c:/programy/arm_gnu_toolchain/arm-none-eabi/12.2 rel1/bin/../lib/gcc/arm-none-eabi/12.2.1/thumb/v6-m/nofp/crtbegin.o
 .text.register_tm_clones
                0x0800028c       0x28 c:/programy/arm_gnu_toolchain/arm-none-eabi/12.2 rel1/bin/../lib/gcc/arm-none-eabi/12.2.1/thumb/v6-m/nofp/crtbegin.o
 .text.__do_global_dtors_aux
                0x080002b4       0x2c c:/programy/arm_gnu_toolchain/arm-none-eabi/12.2 rel1/bin/../lib/gcc/arm-none-eabi/12.2.1/thumb/v6-m/nofp/crtbegin.o
 .text.frame_dummy
                0x080002e0       0x24 c:/programy/arm_gnu_toolchain/arm-none-eabi/12.2 rel1/bin/../lib/gcc/arm-none-eabi/12.2.1/thumb/v6-m/nofp/crtbegin.o
 .text.memset   0x08000304       0x10 c:/programy/arm_gnu_toolchain/arm-none-eabi/12.2 rel1/bin/../lib/gcc/arm-none-eabi/12.2.1/thumb/v6-m/nofp\libc_nano.a(libc_a-memset.o)
                0x08000304                memset
 .text.__libc_init_array
                0x08000314       0x48 c:/programy/arm_gnu_toolchain/arm-none-eabi/12.2 rel1/bin/../lib/gcc/arm-none-eabi/12.2.1/thumb/v6-m/nofp\libc_nano.a(libc_a-init.o)
                0x08000314                __libc_init_array
 .text.MX_DMA_Init
                0x0800035c       0x1c CMakeFiles/usb-magnetometer.dir/Core/Src/dma.c.obj
                0x0800035c                MX_DMA_Init
 .text.MX_GPIO_Init
                0x08000378       0x2c CMakeFiles/usb-magnetometer.dir/Core/Src/gpio.c.obj
                0x08000378                MX_GPIO_Init
 .text.MX_NVIC_Init
                0x080003a4       0x24 CMakeFiles/usb-magnetometer.dir/Core/Src/main.c.obj
 .text.Error_Handler
                0x080003c8        0x4 CMakeFiles/usb-magnetometer.dir/Core/Src/main.c.obj
                0x080003c8                Error_Handler
 .text.SystemClock_Config
                0x080003cc       0x94 CMakeFiles/usb-magnetometer.dir/Core/Src/main.c.obj
                0x080003cc                SystemClock_Config
 .text.main     0x08000460       0x28 CMakeFiles/usb-magnetometer.dir/Core/Src/main.c.obj
                0x08000460                main
 .text.MX_SPI1_Init
                0x08000488       0x48 CMakeFiles/usb-magnetometer.dir/Core/Src/spi.c.obj
                0x08000488                MX_SPI1_Init
 .text.HAL_SPI_MspInit
                0x080004d0       0x58 CMakeFiles/usb-magnetometer.dir/Core/Src/spi.c.obj
                0x080004d0                HAL_SPI_MspInit
 .text.HAL_MspInit
                0x08000528       0x1c CMakeFiles/usb-magnetometer.dir/Core/Src/stm32l0xx_hal_msp.c.obj
                0x08000528                HAL_MspInit
 .text.NMI_Handler
                0x08000544        0x2 CMakeFiles/usb-magnetometer.dir/Core/Src/stm32l0xx_it.c.obj
                0x08000544                NMI_Handler
 .text.HardFault_Handler
                0x08000546        0x2 CMakeFiles/usb-magnetometer.dir/Core/Src/stm32l0xx_it.c.obj
                0x08000546                HardFault_Handler
 .text.SVC_Handler
                0x08000548        0x2 CMakeFiles/usb-magnetometer.dir/Core/Src/stm32l0xx_it.c.obj
                0x08000548                SVC_Handler
 .text.PendSV_Handler
                0x0800054a        0x2 CMakeFiles/usb-magnetometer.dir/Core/Src/stm32l0xx_it.c.obj
                0x0800054a                PendSV_Handler
 .text.SysTick_Handler
                0x0800054c        0x8 CMakeFiles/usb-magnetometer.dir/Core/Src/stm32l0xx_it.c.obj
                0x0800054c                SysTick_Handler
 .text.DMA1_Channel4_5_6_7_IRQHandler
                0x08000554       0x18 CMakeFiles/usb-magnetometer.dir/Core/Src/stm32l0xx_it.c.obj
                0x08000554                DMA1_Channel4_5_6_7_IRQHandler
 .text.USART2_IRQHandler
                0x0800056c       0x10 CMakeFiles/usb-magnetometer.dir/Core/Src/stm32l0xx_it.c.obj
                0x0800056c                USART2_IRQHandler
 .text.SystemInit
                0x0800057c        0x2 CMakeFiles/usb-magnetometer.dir/Core/Src/system_stm32l0xx.c.obj
                0x0800057c                SystemInit
 *fill*         0x0800057e        0x2 
 .text.MX_USART2_UART_Init
                0x08000580       0x3c CMakeFiles/usb-magnetometer.dir/Core/Src/usart.c.obj
                0x08000580                MX_USART2_UART_Init
 .text.HAL_UART_MspInit
                0x080005bc       0xd0 CMakeFiles/usb-magnetometer.dir/Core/Src/usart.c.obj
                0x080005bc                HAL_UART_MspInit
 .text.HAL_InitTick
                0x0800068c       0x50 CMakeFiles/usb-magnetometer.dir/Drivers/STM32L0xx_HAL_Driver/Src/stm32l0xx_hal.c.obj
                0x0800068c                HAL_InitTick
 .text.HAL_Init
                0x080006dc       0x28 CMakeFiles/usb-magnetometer.dir/Drivers/STM32L0xx_HAL_Driver/Src/stm32l0xx_hal.c.obj
                0x080006dc                HAL_Init
 .text.HAL_IncTick
                0x08000704       0x18 CMakeFiles/usb-magnetometer.dir/Drivers/STM32L0xx_HAL_Driver/Src/stm32l0xx_hal.c.obj
                0x08000704                HAL_IncTick
 .text.HAL_GetTick
                0x0800071c        0xc CMakeFiles/usb-magnetometer.dir/Drivers/STM32L0xx_HAL_Driver/Src/stm32l0xx_hal.c.obj
                0x0800071c                HAL_GetTick
 .text.__NVIC_SetPriority
                0x08000728       0x60 CMakeFiles/usb-magnetometer.dir/Drivers/STM32L0xx_HAL_Driver/Src/stm32l0xx_hal_cortex.c.obj
 .text.SysTick_Config
                0x08000788       0x38 CMakeFiles/usb-magnetometer.dir/Drivers/STM32L0xx_HAL_Driver/Src/stm32l0xx_hal_cortex.c.obj
 .text.HAL_NVIC_SetPriority
                0x080007c0        0x8 CMakeFiles/usb-magnetometer.dir/Drivers/STM32L0xx_HAL_Driver/Src/stm32l0xx_hal_cortex.c.obj
                0x080007c0                HAL_NVIC_SetPriority
 .text.HAL_NVIC_EnableIRQ
                0x080007c8       0x18 CMakeFiles/usb-magnetometer.dir/Drivers/STM32L0xx_HAL_Driver/Src/stm32l0xx_hal_cortex.c.obj
                0x080007c8                HAL_NVIC_EnableIRQ
 .text.HAL_SYSTICK_Config
                0x080007e0        0x8 CMakeFiles/usb-magnetometer.dir/Drivers/STM32L0xx_HAL_Driver/Src/stm32l0xx_hal_cortex.c.obj
                0x080007e0                HAL_SYSTICK_Config
 .text.DMA_SetConfig
                0x080007e8       0x2e CMakeFiles/usb-magnetometer.dir/Drivers/STM32L0xx_HAL_Driver/Src/stm32l0xx_hal_dma.c.obj
 *fill*         0x08000816        0x2 
 .text.HAL_DMA_Init
                0x08000818       0x98 CMakeFiles/usb-magnetometer.dir/Drivers/STM32L0xx_HAL_Driver/Src/stm32l0xx_hal_dma.c.obj
                0x08000818                HAL_DMA_Init
 .text.HAL_DMA_Start_IT
                0x080008b0       0x76 CMakeFiles/usb-magnetometer.dir/Drivers/STM32L0xx_HAL_Driver/Src/stm32l0xx_hal_dma.c.obj
                0x080008b0                HAL_DMA_Start_IT
 .text.HAL_DMA_Abort
                0x08000926       0x48 CMakeFiles/usb-magnetometer.dir/Drivers/STM32L0xx_HAL_Driver/Src/stm32l0xx_hal_dma.c.obj
                0x08000926                HAL_DMA_Abort
 .text.HAL_DMA_Abort_IT
                0x0800096e       0x4e CMakeFiles/usb-magnetometer.dir/Drivers/STM32L0xx_HAL_Driver/Src/stm32l0xx_hal_dma.c.obj
                0x0800096e                HAL_DMA_Abort_IT
 .text.HAL_DMA_IRQHandler
                0x080009bc       0xba CMakeFiles/usb-magnetometer.dir/Drivers/STM32L0xx_HAL_Driver/Src/stm32l0xx_hal_dma.c.obj
                0x080009bc                HAL_DMA_IRQHandler
 *fill*         0x08000a76        0x2 
 .text.HAL_GPIO_Init
                0x08000a78      0x17c CMakeFiles/usb-magnetometer.dir/Drivers/STM32L0xx_HAL_Driver/Src/stm32l0xx_hal_gpio.c.obj
                0x08000a78                HAL_GPIO_Init
 .text.HAL_RCC_GetSysClockFreq
                0x08000bf4       0xb0 CMakeFiles/usb-magnetometer.dir/Drivers/STM32L0xx_HAL_Driver/Src/stm32l0xx_hal_rcc.c.obj
                0x08000bf4                HAL_RCC_GetSysClockFreq
 .text.HAL_RCC_OscConfig
                0x08000ca4      0x51c CMakeFiles/usb-magnetometer.dir/Drivers/STM32L0xx_HAL_Driver/Src/stm32l0xx_hal_rcc.c.obj
                0x08000ca4                HAL_RCC_OscConfig
 .text.HAL_RCC_ClockConfig
                0x080011c0      0x1d8 CMakeFiles/usb-magnetometer.dir/Drivers/STM32L0xx_HAL_Driver/Src/stm32l0xx_hal_rcc.c.obj
                0x080011c0                HAL_RCC_ClockConfig
 .text.HAL_RCC_GetHCLKFreq
                0x08001398        0xc CMakeFiles/usb-magnetometer.dir/Drivers/STM32L0xx_HAL_Driver/Src/stm32l0xx_hal_rcc.c.obj
                0x08001398                HAL_RCC_GetHCLKFreq
 .text.HAL_RCC_GetPCLK1Freq
                0x080013a4       0x20 CMakeFiles/usb-magnetometer.dir/Drivers/STM32L0xx_HAL_Driver/Src/stm32l0xx_hal_rcc.c.obj
                0x080013a4                HAL_RCC_GetPCLK1Freq
 .text.HAL_RCC_GetPCLK2Freq
                0x080013c4       0x20 CMakeFiles/usb-magnetometer.dir/Drivers/STM32L0xx_HAL_Driver/Src/stm32l0xx_hal_rcc.c.obj
                0x080013c4                HAL_RCC_GetPCLK2Freq
 .text.HAL_RCCEx_PeriphCLKConfig
                0x080013e4      0x198 CMakeFiles/usb-magnetometer.dir/Drivers/STM32L0xx_HAL_Driver/Src/stm32l0xx_hal_rcc_ex.c.obj
                0x080013e4                HAL_RCCEx_PeriphCLKConfig
 .text.HAL_SPI_Init
                0x0800157c       0xbe CMakeFiles/usb-magnetometer.dir/Drivers/STM32L0xx_HAL_Driver/Src/stm32l0xx_hal_spi.c.obj
                0x0800157c                HAL_SPI_Init
 .text.UART_EndTxTransfer
                0x0800163a       0x20 CMakeFiles/usb-magnetometer.dir/Drivers/STM32L0xx_HAL_Driver/Src/stm32l0xx_hal_uart.c.obj
 *fill*         0x0800165a        0x2 
 .text.UART_EndRxTransfer
                0x0800165c       0x60 CMakeFiles/usb-magnetometer.dir/Drivers/STM32L0xx_HAL_Driver/Src/stm32l0xx_hal_uart.c.obj
 .text.HAL_UART_Transmit_DMA
                0x080016bc       0xd4 CMakeFiles/usb-magnetometer.dir/Drivers/STM32L0xx_HAL_Driver/Src/stm32l0xx_hal_uart.c.obj
                0x080016bc                HAL_UART_Transmit_DMA
 .text.HAL_UART_TxCpltCallback
                0x08001790        0x2 CMakeFiles/usb-magnetometer.dir/Drivers/STM32L0xx_HAL_Driver/Src/stm32l0xx_hal_uart.c.obj
                0x08001790                HAL_UART_TxCpltCallback
 .text.UART_DMATransmitCplt
                0x08001792       0x4a CMakeFiles/usb-magnetometer.dir/Drivers/STM32L0xx_HAL_Driver/Src/stm32l0xx_hal_uart.c.obj
 .text.UART_EndTransmit_IT
                0x080017dc       0x28 CMakeFiles/usb-magnetometer.dir/Drivers/STM32L0xx_HAL_Driver/Src/stm32l0xx_hal_uart.c.obj
 .text.HAL_UART_TxHalfCpltCallback
                0x08001804        0x2 CMakeFiles/usb-magnetometer.dir/Drivers/STM32L0xx_HAL_Driver/Src/stm32l0xx_hal_uart.c.obj
                0x08001804                HAL_UART_TxHalfCpltCallback
 .text.UART_DMATxHalfCplt
                0x08001806        0xa CMakeFiles/usb-magnetometer.dir/Drivers/STM32L0xx_HAL_Driver/Src/stm32l0xx_hal_uart.c.obj
 .text.HAL_UART_RxCpltCallback
                0x08001810        0x2 CMakeFiles/usb-magnetometer.dir/Drivers/STM32L0xx_HAL_Driver/Src/stm32l0xx_hal_uart.c.obj
                0x08001810                HAL_UART_RxCpltCallback
 .text.HAL_UART_RxHalfCpltCallback
                0x08001812        0x2 CMakeFiles/usb-magnetometer.dir/Drivers/STM32L0xx_HAL_Driver/Src/stm32l0xx_hal_uart.c.obj
                0x08001812                HAL_UART_RxHalfCpltCallback
 .text.HAL_UART_ErrorCallback
                0x08001814        0x2 CMakeFiles/usb-magnetometer.dir/Drivers/STM32L0xx_HAL_Driver/Src/stm32l0xx_hal_uart.c.obj
                0x08001814                HAL_UART_ErrorCallback
 .text.UART_DMAError
                0x08001816       0x4e CMakeFiles/usb-magnetometer.dir/Drivers/STM32L0xx_HAL_Driver/Src/stm32l0xx_hal_uart.c.obj
 .text.UART_DMAAbortOnError
                0x08001864       0x14 CMakeFiles/usb-magnetometer.dir/Drivers/STM32L0xx_HAL_Driver/Src/stm32l0xx_hal_uart.c.obj
 .text.HAL_UART_IRQHandler
                0x08001878      0x2c8 CMakeFiles/usb-magnetometer.dir/Drivers/STM32L0xx_HAL_Driver/Src/stm32l0xx_hal_uart.c.obj
                0x08001878                HAL_UART_IRQHandler
 .text.UART_DMARxHalfCplt
                0x08001b40       0x1c CMakeFiles/usb-magnetometer.dir/Drivers/STM32L0xx_HAL_Driver/Src/stm32l0xx_hal_uart.c.obj
 .text.UART_DMAReceiveCplt
                0x08001b5c       0x94 CMakeFiles/usb-magnetometer.dir/Drivers/STM32L0xx_HAL_Driver/Src/stm32l0xx_hal_uart.c.obj
 .text.UART_SetConfig
                0x08001bf0      0x264 CMakeFiles/usb-magnetometer.dir/Drivers/STM32L0xx_HAL_Driver/Src/stm32l0xx_hal_uart.c.obj
                0x08001bf0                UART_SetConfig
 .text.UART_AdvFeatureConfig
                0x08001e54       0xe0 CMakeFiles/usb-magnetometer.dir/Drivers/STM32L0xx_HAL_Driver/Src/stm32l0xx_hal_uart.c.obj
                0x08001e54                UART_AdvFeatureConfig
 .text.UART_WaitOnFlagUntilTimeout
                0x08001f34       0xdc CMakeFiles/usb-magnetometer.dir/Drivers/STM32L0xx_HAL_Driver/Src/stm32l0xx_hal_uart.c.obj
                0x08001f34                UART_WaitOnFlagUntilTimeout
 .text.UART_CheckIdleState
                0x08002010       0x70 CMakeFiles/usb-magnetometer.dir/Drivers/STM32L0xx_HAL_Driver/Src/stm32l0xx_hal_uart.c.obj
                0x08002010                UART_CheckIdleState
 .text.HAL_UART_Init
                0x08002080       0x6c CMakeFiles/usb-magnetometer.dir/Drivers/STM32L0xx_HAL_Driver/Src/stm32l0xx_hal_uart.c.obj
                0x08002080                HAL_UART_Init
 .text.UART_Start_Receive_DMA
                0x080020ec       0xb0 CMakeFiles/usb-magnetometer.dir/Drivers/STM32L0xx_HAL_Driver/Src/stm32l0xx_hal_uart.c.obj
                0x080020ec                UART_Start_Receive_DMA
 .text.HAL_UARTEx_WakeupCallback
                0x0800219c        0x2 CMakeFiles/usb-magnetometer.dir/Drivers/STM32L0xx_HAL_Driver/Src/stm32l0xx_hal_uart_ex.c.obj
                0x0800219c                HAL_UARTEx_WakeupCallback
 .text.HAL_UARTEx_ReceiveToIdle_DMA
                0x0800219e       0x7c CMakeFiles/usb-magnetometer.dir/Drivers/STM32L0xx_HAL_Driver/Src/stm32l0xx_hal_uart_ex.c.obj
                0x0800219e                HAL_UARTEx_ReceiveToIdle_DMA
 *fill*         0x0800221a        0x2 
 .text.listen_for_request
                0x0800221c       0x1c CMakeFiles/usb-magnetometer.dir/Project/src/server.c.obj
 .text.send_response
                0x08002238       0x38 CMakeFiles/usb-magnetometer.dir/Project/src/server.c.obj
 .text.handle_request_if_any
                0x08002270       0x34 CMakeFiles/usb-magnetometer.dir/Project/src/server.c.obj
 .text.server_init
                0x080022a4        0x8 CMakeFiles/usb-magnetometer.dir/Project/src/server.c.obj
                0x080022a4                server_init
 .text.server_run
                0x080022ac        0x8 CMakeFiles/usb-magnetometer.dir/Project/src/server.c.obj
                0x080022ac                server_run
 .text.HAL_UARTEx_RxEventCallback
                0x080022b4       0x2c CMakeFiles/usb-magnetometer.dir/Project/src/server.c.obj
                0x080022b4                HAL_UARTEx_RxEventCallback
 .text.Reset_Handler
                0x080022e0       0x80 CMakeFiles/usb-magnetometer.dir/startup_stm32l010x6.s.obj
                0x080022e0                Reset_Handler
 .text.Default_Handler
                0x08002360        0x2 CMakeFiles/usb-magnetometer.dir/startup_stm32l010x6.s.obj
                0x08002360                I2C1_IRQHandler
                0x08002360                SPI1_IRQHandler
                0x08002360                EXTI2_3_IRQHandler
                0x08002360                ADC1_IRQHandler
                0x08002360                RTC_IRQHandler
                0x08002360                EXTI4_15_IRQHandler
                0x08002360                RCC_IRQHandler
                0x08002360                DMA1_Channel1_IRQHandler
                0x08002360                Default_Handler
                0x08002360                EXTI0_1_IRQHandler
                0x08002360                TIM21_IRQHandler
                0x08002360                WWDG_IRQHandler
                0x08002360                LPUART1_IRQHandler
                0x08002360                TIM2_IRQHandler
                0x08002360                DMA1_Channel2_3_IRQHandler
                0x08002360                FLASH_IRQHandler
                0x08002360                LPTIM1_IRQHandler
 *fill*         0x08002362        0x2 
 .text.__muldi3
                0x08002364       0x5c c:/programy/arm_gnu_toolchain/arm-none-eabi/12.2 rel1/bin/../lib/gcc/arm-none-eabi/12.2.1/thumb/v6-m/nofp\libgcc.a(_muldi3.o)
                0x08002364                __muldi3
                0x08002364                __aeabi_lmul
 .text.__udivmoddi4
                0x080023c0      0x198 c:/programy/arm_gnu_toolchain/arm-none-eabi/12.2 rel1/bin/../lib/gcc/arm-none-eabi/12.2.1/thumb/v6-m/nofp\libgcc.a(_udivmoddi4.o)
                0x080023c0                __udivmoddi4
 .text.memcpy   0x08002558       0x12 c:/programy/arm_gnu_toolchain/arm-none-eabi/12.2 rel1/bin/../lib/gcc/arm-none-eabi/12.2.1/thumb/v6-m/nofp\libg_nano.a(libc_a-memcpy-stub.o)
                0x08002558                memcpy
 *(.glue_7)
 .glue_7        0x0800256a        0x0 linker stubs
 *(.glue_7t)
 .glue_7t       0x0800256a        0x0 linker stubs
 *(.eh_frame)
 *fill*         0x0800256a        0x2 
 .eh_frame      0x0800256c        0x0 c:/programy/arm_gnu_toolchain/arm-none-eabi/12.2 rel1/bin/../lib/gcc/arm-none-eabi/12.2.1/thumb/v6-m/nofp/crtbegin.o
 *(.init)
 .init          0x0800256c        0x4 c:/programy/arm_gnu_toolchain/arm-none-eabi/12.2 rel1/bin/../lib/gcc/arm-none-eabi/12.2.1/thumb/v6-m/nofp/crti.o
                0x0800256c                _init
 .init          0x08002570        0x8 c:/programy/arm_gnu_toolchain/arm-none-eabi/12.2 rel1/bin/../lib/gcc/arm-none-eabi/12.2.1/thumb/v6-m/nofp/crtn.o
 *(.fini)
 .fini          0x08002578        0x4 c:/programy/arm_gnu_toolchain/arm-none-eabi/12.2 rel1/bin/../lib/gcc/arm-none-eabi/12.2.1/thumb/v6-m/nofp/crti.o
                0x08002578                _fini
 .fini          0x0800257c        0x8 c:/programy/arm_gnu_toolchain/arm-none-eabi/12.2 rel1/bin/../lib/gcc/arm-none-eabi/12.2.1/thumb/v6-m/nofp/crtn.o
                0x08002584                . = ALIGN (0x4)
                0x08002584                _etext = .

.vfp11_veneer   0x08002584        0x0
 .vfp11_veneer  0x08002584        0x0 linker stubs

.v4_bx          0x08002584        0x0
 .v4_bx         0x08002584        0x0 linker stubs

.iplt           0x08002584        0x0
 .iplt          0x08002584        0x0 c:/programy/arm_gnu_toolchain/arm-none-eabi/12.2 rel1/bin/../lib/gcc/arm-none-eabi/12.2.1/thumb/v6-m/nofp/crtbegin.o

.rodata         0x08002584       0x6c
                0x08002584                . = ALIGN (0x4)
 *(.rodata)
 *(.rodata*)
 .rodata.PLLMulTable
                0x08002584        0x9 CMakeFiles/usb-magnetometer.dir/Core/Src/system_stm32l0xx.c.obj
                0x08002584                PLLMulTable
 *fill*         0x0800258d        0x3 
 .rodata.APBPrescTable
                0x08002590        0x8 CMakeFiles/usb-magnetometer.dir/Core/Src/system_stm32l0xx.c.obj
                0x08002590                APBPrescTable
 .rodata.AHBPrescTable
                0x08002598       0x10 CMakeFiles/usb-magnetometer.dir/Core/Src/system_stm32l0xx.c.obj
                0x08002598                AHBPrescTable
 .rodata.UART_SetConfig
                0x080025a8       0x48 CMakeFiles/usb-magnetometer.dir/Drivers/STM32L0xx_HAL_Driver/Src/stm32l0xx_hal_uart.c.obj
                0x080025f0                . = ALIGN (0x4)

.ARM.extab
 *(.ARM.extab* .gnu.linkonce.armextab.*)

.ARM            0x080025f0        0x8
                0x080025f0                __exidx_start = .
 *(.ARM.exidx*)
 .ARM.exidx.text.__udivmoddi4
                0x080025f0        0x8 c:/programy/arm_gnu_toolchain/arm-none-eabi/12.2 rel1/bin/../lib/gcc/arm-none-eabi/12.2.1/thumb/v6-m/nofp\libgcc.a(_udivmoddi4.o)
                0x080025f8                __exidx_end = .

.rel.dyn        0x080025f8        0x0
 .rel.iplt      0x080025f8        0x0 c:/programy/arm_gnu_toolchain/arm-none-eabi/12.2 rel1/bin/../lib/gcc/arm-none-eabi/12.2.1/thumb/v6-m/nofp/crtbegin.o

.preinit_array  0x080025f8        0x0
                0x080025f8                PROVIDE (__preinit_array_start = .)
 *(.preinit_array*)
                0x080025f8                PROVIDE (__preinit_array_end = .)

.init_array     0x080025f8        0x4
                0x080025f8                PROVIDE (__init_array_start = .)
 *(SORT_BY_NAME(.init_array.*))
 *(.init_array*)
 .init_array    0x080025f8        0x4 c:/programy/arm_gnu_toolchain/arm-none-eabi/12.2 rel1/bin/../lib/gcc/arm-none-eabi/12.2.1/thumb/v6-m/nofp/crtbegin.o
                0x080025fc                PROVIDE (__init_array_end = .)

.fini_array     0x080025fc        0x4
                [!provide]                PROVIDE (__fini_array_start = .)
 *(SORT_BY_NAME(.fini_array.*))
 *(.fini_array*)
 .fini_array    0x080025fc        0x4 c:/programy/arm_gnu_toolchain/arm-none-eabi/12.2 rel1/bin/../lib/gcc/arm-none-eabi/12.2.1/thumb/v6-m/nofp/crtbegin.o
                [!provide]                PROVIDE (__fini_array_end = .)
                0x08002600                _sidata = LOADADDR (.data)

.data           0x20000000        0xc load address 0x08002600
                0x20000000                . = ALIGN (0x4)
                0x20000000                _sdata = .
 *(.data)
 *(.data*)
 .data.SystemCoreClock
                0x20000000        0x4 CMakeFiles/usb-magnetometer.dir/Core/Src/system_stm32l0xx.c.obj
                0x20000000                SystemCoreClock
 .data.uwTickFreq
                0x20000004        0x1 CMakeFiles/usb-magnetometer.dir/Drivers/STM32L0xx_HAL_Driver/Src/stm32l0xx_hal.c.obj
                0x20000004                uwTickFreq
 *fill*         0x20000005        0x3 
 .data.uwTickPrio
                0x20000008        0x4 CMakeFiles/usb-magnetometer.dir/Drivers/STM32L0xx_HAL_Driver/Src/stm32l0xx_hal.c.obj
                0x20000008                uwTickPrio
                0x2000000c                . = ALIGN (0x4)
                0x2000000c                _edata = .

.tm_clone_table
                0x2000000c        0x0 load address 0x0800260c
 .tm_clone_table
                0x2000000c        0x0 c:/programy/arm_gnu_toolchain/arm-none-eabi/12.2 rel1/bin/../lib/gcc/arm-none-eabi/12.2.1/thumb/v6-m/nofp/crtbegin.o
 .tm_clone_table
                0x2000000c        0x0 c:/programy/arm_gnu_toolchain/arm-none-eabi/12.2 rel1/bin/../lib/gcc/arm-none-eabi/12.2.1/thumb/v6-m/nofp/crtend.o

.igot.plt       0x2000000c        0x0 load address 0x0800260c
 .igot.plt      0x2000000c        0x0 c:/programy/arm_gnu_toolchain/arm-none-eabi/12.2 rel1/bin/../lib/gcc/arm-none-eabi/12.2.1/thumb/v6-m/nofp/crtbegin.o
                0x2000000c                . = ALIGN (0x4)

.bss            0x2000000c      0x1f8 load address 0x0800260c
                0x2000000c                _sbss = .
                0x2000000c                __bss_start__ = _sbss
 *(.bss)
 *(.bss*)
 .bss.completed.1
                0x2000000c        0x1 c:/programy/arm_gnu_toolchain/arm-none-eabi/12.2 rel1/bin/../lib/gcc/arm-none-eabi/12.2.1/thumb/v6-m/nofp/crtbegin.o
 *fill*         0x2000000d        0x3 
 .bss.object.0  0x20000010       0x18 c:/programy/arm_gnu_toolchain/arm-none-eabi/12.2 rel1/bin/../lib/gcc/arm-none-eabi/12.2.1/thumb/v6-m/nofp/crtbegin.o
 .bss.hspi1     0x20000028       0x58 CMakeFiles/usb-magnetometer.dir/Core/Src/spi.c.obj
                0x20000028                hspi1
 .bss.hdma_usart2_tx
                0x20000080       0x48 CMakeFiles/usb-magnetometer.dir/Core/Src/usart.c.obj
                0x20000080                hdma_usart2_tx
 .bss.hdma_usart2_rx
                0x200000c8       0x48 CMakeFiles/usb-magnetometer.dir/Core/Src/usart.c.obj
                0x200000c8                hdma_usart2_rx
 .bss.huart2    0x20000110       0x84 CMakeFiles/usb-magnetometer.dir/Core/Src/usart.c.obj
                0x20000110                huart2
 .bss.uwTick    0x20000194        0x4 CMakeFiles/usb-magnetometer.dir/Drivers/STM32L0xx_HAL_Driver/Src/stm32l0xx_hal.c.obj
                0x20000194                uwTick
 .bss.ctx       0x20000198       0x6c CMakeFiles/usb-magnetometer.dir/Project/src/server.c.obj
 *(COMMON)
                0x20000204                . = ALIGN (0x4)
                0x20000204                _ebss = .
                0x20000204                __bss_end__ = _ebss

._user_heap_stack
                0x20000204      0x204 load address 0x0800260c
                0x20000208                . = ALIGN (0x8)
 *fill*         0x20000204        0x4 
                [!provide]                PROVIDE (end = .)
                [!provide]                PROVIDE (_end = .)
                0x20000208                . = (. + _Min_Heap_Size)
                0x20000408                . = (. + _Min_Stack_Size)
 *fill*         0x20000208      0x200 
                0x20000408                . = ALIGN (0x8)

/DISCARD/
 libc.a(*)
 libm.a(*)
 libgcc.a(*)

.ARM.attributes
                0x00000000       0x28
 *(.ARM.attributes)
 .ARM.attributes
                0x00000000       0x1e c:/programy/arm_gnu_toolchain/arm-none-eabi/12.2 rel1/bin/../lib/gcc/arm-none-eabi/12.2.1/thumb/v6-m/nofp/crti.o
 .ARM.attributes
                0x0000001e       0x2c c:/programy/arm_gnu_toolchain/arm-none-eabi/12.2 rel1/bin/../lib/gcc/arm-none-eabi/12.2.1/thumb/v6-m/nofp/crtbegin.o
 .ARM.attributes
                0x0000004a       0x2c c:/programy/arm_gnu_toolchain/arm-none-eabi/12.2 rel1/bin/../lib/gcc/arm-none-eabi/12.2.1/thumb/v6-m/nofp\libc_nano.a(libc_a-memset.o)
 .ARM.attributes
                0x00000076       0x2c c:/programy/arm_gnu_toolchain/arm-none-eabi/12.2 rel1/bin/../lib/gcc/arm-none-eabi/12.2.1/thumb/v6-m/nofp\libc_nano.a(libc_a-init.o)
 .ARM.attributes
                0x000000a2       0x2c CMakeFiles/usb-magnetometer.dir/Core/Src/dma.c.obj
 .ARM.attributes
                0x000000ce       0x2c CMakeFiles/usb-magnetometer.dir/Core/Src/gpio.c.obj
 .ARM.attributes
                0x000000fa       0x2c CMakeFiles/usb-magnetometer.dir/Core/Src/main.c.obj
 .ARM.attributes
                0x00000126       0x2c CMakeFiles/usb-magnetometer.dir/Core/Src/spi.c.obj
 .ARM.attributes
                0x00000152       0x2c CMakeFiles/usb-magnetometer.dir/Core/Src/stm32l0xx_hal_msp.c.obj
 .ARM.attributes
                0x0000017e       0x2c CMakeFiles/usb-magnetometer.dir/Core/Src/stm32l0xx_it.c.obj
 .ARM.attributes
                0x000001aa       0x2c CMakeFiles/usb-magnetometer.dir/Core/Src/system_stm32l0xx.c.obj
 .ARM.attributes
                0x000001d6       0x2c CMakeFiles/usb-magnetometer.dir/Core/Src/usart.c.obj
 .ARM.attributes
                0x00000202       0x2c CMakeFiles/usb-magnetometer.dir/Drivers/STM32L0xx_HAL_Driver/Src/stm32l0xx_hal.c.obj
 .ARM.attributes
                0x0000022e       0x2c CMakeFiles/usb-magnetometer.dir/Drivers/STM32L0xx_HAL_Driver/Src/stm32l0xx_hal_cortex.c.obj
 .ARM.attributes
                0x0000025a       0x2c CMakeFiles/usb-magnetometer.dir/Drivers/STM32L0xx_HAL_Driver/Src/stm32l0xx_hal_dma.c.obj
 .ARM.attributes
                0x00000286       0x2c CMakeFiles/usb-magnetometer.dir/Drivers/STM32L0xx_HAL_Driver/Src/stm32l0xx_hal_gpio.c.obj
 .ARM.attributes
                0x000002b2       0x2c CMakeFiles/usb-magnetometer.dir/Drivers/STM32L0xx_HAL_Driver/Src/stm32l0xx_hal_rcc.c.obj
 .ARM.attributes
                0x000002de       0x2c CMakeFiles/usb-magnetometer.dir/Drivers/STM32L0xx_HAL_Driver/Src/stm32l0xx_hal_rcc_ex.c.obj
 .ARM.attributes
                0x0000030a       0x2c CMakeFiles/usb-magnetometer.dir/Drivers/STM32L0xx_HAL_Driver/Src/stm32l0xx_hal_spi.c.obj
 .ARM.attributes
                0x00000336       0x2c CMakeFiles/usb-magnetometer.dir/Drivers/STM32L0xx_HAL_Driver/Src/stm32l0xx_hal_uart.c.obj
 .ARM.attributes
                0x00000362       0x2c CMakeFiles/usb-magnetometer.dir/Drivers/STM32L0xx_HAL_Driver/Src/stm32l0xx_hal_uart_ex.c.obj
 .ARM.attributes
                0x0000038e       0x2c CMakeFiles/usb-magnetometer.dir/Project/src/server.c.obj
 .ARM.attributes
                0x000003ba       0x22 CMakeFiles/usb-magnetometer.dir/startup_stm32l010x6.s.obj
 .ARM.attributes
                0x000003dc       0x1e c:/programy/arm_gnu_toolchain/arm-none-eabi/12.2 rel1/bin/../lib/gcc/arm-none-eabi/12.2.1/thumb/v6-m/nofp\libgcc.a(_udivsi3.o)
 .ARM.attributes
                0x000003fa       0x1e c:/programy/arm_gnu_toolchain/arm-none-eabi/12.2 rel1/bin/../lib/gcc/arm-none-eabi/12.2.1/thumb/v6-m/nofp\libgcc.a(_dvmd_tls.o)
 .ARM.attributes
                0x00000418       0x1e c:/programy/arm_gnu_toolchain/arm-none-eabi/12.2 rel1/bin/../lib/gcc/arm-none-eabi/12.2.1/thumb/v6-m/nofp\libgcc.a(_aeabi_uldivmod.o)
 .ARM.attributes
                0x00000436       0x2c c:/programy/arm_gnu_toolchain/arm-none-eabi/12.2 rel1/bin/../lib/gcc/arm-none-eabi/12.2.1/thumb/v6-m/nofp\libgcc.a(_muldi3.o)
 .ARM.attributes
                0x00000462       0x2c c:/programy/arm_gnu_toolchain/arm-none-eabi/12.2 rel1/bin/../lib/gcc/arm-none-eabi/12.2.1/thumb/v6-m/nofp\libgcc.a(_udivmoddi4.o)
 .ARM.attributes
                0x0000048e       0x1e c:/programy/arm_gnu_toolchain/arm-none-eabi/12.2 rel1/bin/../lib/gcc/arm-none-eabi/12.2.1/thumb/v6-m/nofp\libgcc.a(_clzdi2.o)
 .ARM.attributes
                0x000004ac       0x1e c:/programy/arm_gnu_toolchain/arm-none-eabi/12.2 rel1/bin/../lib/gcc/arm-none-eabi/12.2.1/thumb/v6-m/nofp\libgcc.a(_clzsi2.o)
 .ARM.attributes
                0x000004ca       0x2c c:/programy/arm_gnu_toolchain/arm-none-eabi/12.2 rel1/bin/../lib/gcc/arm-none-eabi/12.2.1/thumb/v6-m/nofp\libg_nano.a(libc_a-memcpy-stub.o)
 .ARM.attributes
                0x000004f6       0x2c c:/programy/arm_gnu_toolchain/arm-none-eabi/12.2 rel1/bin/../lib/gcc/arm-none-eabi/12.2.1/thumb/v6-m/nofp/crtend.o
 .ARM.attributes
                0x00000522       0x1e c:/programy/arm_gnu_toolchain/arm-none-eabi/12.2 rel1/bin/../lib/gcc/arm-none-eabi/12.2.1/thumb/v6-m/nofp/crtn.o
OUTPUT(usb-magnetometer.elf elf32-littlearm)
LOAD linker stubs
LOAD c:/programy/arm_gnu_toolchain/arm-none-eabi/12.2 rel1/bin/../lib/gcc/arm-none-eabi/12.2.1/thumb/v6-m/nofp\libc.a
LOAD c:/programy/arm_gnu_toolchain/arm-none-eabi/12.2 rel1/bin/../lib/gcc/arm-none-eabi/12.2.1/thumb/v6-m/nofp\libm.a
LOAD c:/programy/arm_gnu_toolchain/arm-none-eabi/12.2 rel1/bin/../lib/gcc/arm-none-eabi/12.2.1/thumb/v6-m/nofp\libgcc.a

.debug_frame    0x00000000     0x1864
 .debug_frame   0x00000000       0x20 c:/programy/arm_gnu_toolchain/arm-none-eabi/12.2 rel1/bin/../lib/gcc/arm-none-eabi/12.2.1/thumb/v6-m/nofp\libc_nano.a(libc_a-memset.o)
 .debug_frame   0x00000020       0x2c c:/programy/arm_gnu_toolchain/arm-none-eabi/12.2 rel1/bin/../lib/gcc/arm-none-eabi/12.2.1/thumb/v6-m/nofp\libc_nano.a(libc_a-init.o)
 .debug_frame   0x0000004c       0x24 CMakeFiles/usb-magnetometer.dir/Core/Src/dma.c.obj
 .debug_frame   0x00000070       0x24 CMakeFiles/usb-magnetometer.dir/Core/Src/gpio.c.obj
 .debug_frame   0x00000094       0x68 CMakeFiles/usb-magnetometer.dir/Core/Src/main.c.obj
 .debug_frame   0x000000fc       0x5c CMakeFiles/usb-magnetometer.dir/Core/Src/spi.c.obj
 .debug_frame   0x00000158       0x20 CMakeFiles/usb-magnetometer.dir/Core/Src/stm32l0xx_hal_msp.c.obj
 .debug_frame   0x00000178       0x98 CMakeFiles/usb-magnetometer.dir/Core/Src/stm32l0xx_it.c.obj
 .debug_frame   0x00000210       0x38 CMakeFiles/usb-magnetometer.dir/Core/Src/system_stm32l0xx.c.obj
 .debug_frame   0x00000248       0x5c CMakeFiles/usb-magnetometer.dir/Core/Src/usart.c.obj
 .debug_frame   0x000002a4      0x22c CMakeFiles/usb-magnetometer.dir/Drivers/STM32L0xx_HAL_Driver/Src/stm32l0xx_hal.c.obj
 .debug_frame   0x000004d0      0x144 CMakeFiles/usb-magnetometer.dir/Drivers/STM32L0xx_HAL_Driver/Src/stm32l0xx_hal_cortex.c.obj
 .debug_frame   0x00000614      0x150 CMakeFiles/usb-magnetometer.dir/Drivers/STM32L0xx_HAL_Driver/Src/stm32l0xx_hal_dma.c.obj
 .debug_frame   0x00000764       0xc0 CMakeFiles/usb-magnetometer.dir/Drivers/STM32L0xx_HAL_Driver/Src/stm32l0xx_hal_gpio.c.obj
 .debug_frame   0x00000824      0x140 CMakeFiles/usb-magnetometer.dir/Drivers/STM32L0xx_HAL_Driver/Src/stm32l0xx_hal_rcc.c.obj
 .debug_frame   0x00000964       0xac CMakeFiles/usb-magnetometer.dir/Drivers/STM32L0xx_HAL_Driver/Src/stm32l0xx_hal_rcc_ex.c.obj
 .debug_frame   0x00000a10      0x57c CMakeFiles/usb-magnetometer.dir/Drivers/STM32L0xx_HAL_Driver/Src/stm32l0xx_hal_spi.c.obj
 .debug_frame   0x00000f8c      0x63c CMakeFiles/usb-magnetometer.dir/Drivers/STM32L0xx_HAL_Driver/Src/stm32l0xx_hal_uart.c.obj
 .debug_frame   0x000015c8      0x148 CMakeFiles/usb-magnetometer.dir/Drivers/STM32L0xx_HAL_Driver/Src/stm32l0xx_hal_uart_ex.c.obj
 .debug_frame   0x00001710       0x9c CMakeFiles/usb-magnetometer.dir/Project/src/server.c.obj
 .debug_frame   0x000017ac       0x20 c:/programy/arm_gnu_toolchain/arm-none-eabi/12.2 rel1/bin/../lib/gcc/arm-none-eabi/12.2.1/thumb/v6-m/nofp\libgcc.a(_udivsi3.o)
 .debug_frame   0x000017cc       0x34 c:/programy/arm_gnu_toolchain/arm-none-eabi/12.2 rel1/bin/../lib/gcc/arm-none-eabi/12.2.1/thumb/v6-m/nofp\libgcc.a(_muldi3.o)
 .debug_frame   0x00001800       0x3c c:/programy/arm_gnu_toolchain/arm-none-eabi/12.2 rel1/bin/../lib/gcc/arm-none-eabi/12.2.1/thumb/v6-m/nofp\libgcc.a(_udivmoddi4.o)
 .debug_frame   0x0000183c       0x28 c:/programy/arm_gnu_toolchain/arm-none-eabi/12.2 rel1/bin/../lib/gcc/arm-none-eabi/12.2.1/thumb/v6-m/nofp\libg_nano.a(libc_a-memcpy-stub.o)

.debug_info     0x00000000     0xddd9
 .debug_info    0x00000000      0x1d4 CMakeFiles/usb-magnetometer.dir/Core/Src/dma.c.obj
 .debug_info    0x000001d4      0x1ed CMakeFiles/usb-magnetometer.dir/Core/Src/gpio.c.obj
 .debug_info    0x000003c1      0x5eb CMakeFiles/usb-magnetometer.dir/Core/Src/main.c.obj
 .debug_info    0x000009ac      0x900 CMakeFiles/usb-magnetometer.dir/Core/Src/spi.c.obj
 .debug_info    0x000012ac      0x1ba CMakeFiles/usb-magnetometer.dir/Core/Src/stm32l0xx_hal_msp.c.obj
 .debug_info    0x00001466      0x6e3 CMakeFiles/usb-magnetometer.dir/Core/Src/stm32l0xx_it.c.obj
 .debug_info    0x00001b49      0x30d CMakeFiles/usb-magnetometer.dir/Core/Src/system_stm32l0xx.c.obj
 .debug_info    0x00001e56      0xb1d CMakeFiles/usb-magnetometer.dir/Core/Src/usart.c.obj
 .debug_info    0x00002973      0x8b2 CMakeFiles/usb-magnetometer.dir/Drivers/STM32L0xx_HAL_Driver/Src/stm32l0xx_hal.c.obj
 .debug_info    0x00003225      0x786 CMakeFiles/usb-magnetometer.dir/Drivers/STM32L0xx_HAL_Driver/Src/stm32l0xx_hal_cortex.c.obj
 .debug_info    0x000039ab      0x838 CMakeFiles/usb-magnetometer.dir/Drivers/STM32L0xx_HAL_Driver/Src/stm32l0xx_hal_dma.c.obj
 .debug_info    0x000041e3      0x66a CMakeFiles/usb-magnetometer.dir/Drivers/STM32L0xx_HAL_Driver/Src/stm32l0xx_hal_gpio.c.obj
 .debug_info    0x0000484d      0xc2c CMakeFiles/usb-magnetometer.dir/Drivers/STM32L0xx_HAL_Driver/Src/stm32l0xx_hal_rcc.c.obj
 .debug_info    0x00005479      0x504 CMakeFiles/usb-magnetometer.dir/Drivers/STM32L0xx_HAL_Driver/Src/stm32l0xx_hal_rcc_ex.c.obj
 .debug_info    0x0000597d     0x1d82 CMakeFiles/usb-magnetometer.dir/Drivers/STM32L0xx_HAL_Driver/Src/stm32l0xx_hal_spi.c.obj
 .debug_info    0x000076ff     0x4e13 CMakeFiles/usb-magnetometer.dir/Drivers/STM32L0xx_HAL_Driver/Src/stm32l0xx_hal_uart.c.obj
 .debug_info    0x0000c512      0xf7f CMakeFiles/usb-magnetometer.dir/Drivers/STM32L0xx_HAL_Driver/Src/stm32l0xx_hal_uart_ex.c.obj
 .debug_info    0x0000d491      0x91a CMakeFiles/usb-magnetometer.dir/Project/src/server.c.obj
 .debug_info    0x0000ddab       0x2e CMakeFiles/usb-magnetometer.dir/startup_stm32l010x6.s.obj

.debug_abbrev   0x00000000     0x241f
 .debug_abbrev  0x00000000       0xb9 CMakeFiles/usb-magnetometer.dir/Core/Src/dma.c.obj
 .debug_abbrev  0x000000b9       0xc6 CMakeFiles/usb-magnetometer.dir/Core/Src/gpio.c.obj
 .debug_abbrev  0x0000017f      0x1fb CMakeFiles/usb-magnetometer.dir/Core/Src/main.c.obj
 .debug_abbrev  0x0000037a      0x209 CMakeFiles/usb-magnetometer.dir/Core/Src/spi.c.obj
 .debug_abbrev  0x00000583       0x9f CMakeFiles/usb-magnetometer.dir/Core/Src/stm32l0xx_hal_msp.c.obj
 .debug_abbrev  0x00000622      0x18c CMakeFiles/usb-magnetometer.dir/Core/Src/stm32l0xx_it.c.obj
 .debug_abbrev  0x000007ae      0x138 CMakeFiles/usb-magnetometer.dir/Core/Src/system_stm32l0xx.c.obj
 .debug_abbrev  0x000008e6      0x23b CMakeFiles/usb-magnetometer.dir/Core/Src/usart.c.obj
 .debug_abbrev  0x00000b21      0x2a4 CMakeFiles/usb-magnetometer.dir/Drivers/STM32L0xx_HAL_Driver/Src/stm32l0xx_hal.c.obj
 .debug_abbrev  0x00000dc5      0x2d2 CMakeFiles/usb-magnetometer.dir/Drivers/STM32L0xx_HAL_Driver/Src/stm32l0xx_hal_cortex.c.obj
 .debug_abbrev  0x00001097      0x1fe CMakeFiles/usb-magnetometer.dir/Drivers/STM32L0xx_HAL_Driver/Src/stm32l0xx_hal_dma.c.obj
 .debug_abbrev  0x00001295      0x1e9 CMakeFiles/usb-magnetometer.dir/Drivers/STM32L0xx_HAL_Driver/Src/stm32l0xx_hal_gpio.c.obj
 .debug_abbrev  0x0000147e      0x2d8 CMakeFiles/usb-magnetometer.dir/Drivers/STM32L0xx_HAL_Driver/Src/stm32l0xx_hal_rcc.c.obj
 .debug_abbrev  0x00001756      0x1e0 CMakeFiles/usb-magnetometer.dir/Drivers/STM32L0xx_HAL_Driver/Src/stm32l0xx_hal_rcc_ex.c.obj
 .debug_abbrev  0x00001936      0x26c CMakeFiles/usb-magnetometer.dir/Drivers/STM32L0xx_HAL_Driver/Src/stm32l0xx_hal_spi.c.obj
 .debug_abbrev  0x00001ba2      0x320 CMakeFiles/usb-magnetometer.dir/Drivers/STM32L0xx_HAL_Driver/Src/stm32l0xx_hal_uart.c.obj
 .debug_abbrev  0x00001ec2      0x307 CMakeFiles/usb-magnetometer.dir/Drivers/STM32L0xx_HAL_Driver/Src/stm32l0xx_hal_uart_ex.c.obj
 .debug_abbrev  0x000021c9      0x239 CMakeFiles/usb-magnetometer.dir/Project/src/server.c.obj
 .debug_abbrev  0x00002402       0x1d CMakeFiles/usb-magnetometer.dir/startup_stm32l010x6.s.obj

.debug_aranges  0x00000000      0x9a8
 .debug_aranges
                0x00000000       0x20 CMakeFiles/usb-magnetometer.dir/Core/Src/dma.c.obj
 .debug_aranges
                0x00000020       0x20 CMakeFiles/usb-magnetometer.dir/Core/Src/gpio.c.obj
 .debug_aranges
                0x00000040       0x38 CMakeFiles/usb-magnetometer.dir/Core/Src/main.c.obj
 .debug_aranges
                0x00000078       0x30 CMakeFiles/usb-magnetometer.dir/Core/Src/spi.c.obj
 .debug_aranges
                0x000000a8       0x20 CMakeFiles/usb-magnetometer.dir/Core/Src/stm32l0xx_hal_msp.c.obj
 .debug_aranges
                0x000000c8       0x50 CMakeFiles/usb-magnetometer.dir/Core/Src/stm32l0xx_it.c.obj
 .debug_aranges
                0x00000118       0x28 CMakeFiles/usb-magnetometer.dir/Core/Src/system_stm32l0xx.c.obj
 .debug_aranges
                0x00000140       0x30 CMakeFiles/usb-magnetometer.dir/Core/Src/usart.c.obj
 .debug_aranges
                0x00000170      0x110 CMakeFiles/usb-magnetometer.dir/Drivers/STM32L0xx_HAL_Driver/Src/stm32l0xx_hal.c.obj
 .debug_aranges
                0x00000280       0x98 CMakeFiles/usb-magnetometer.dir/Drivers/STM32L0xx_HAL_Driver/Src/stm32l0xx_hal_cortex.c.obj
 .debug_aranges
                0x00000318       0x80 CMakeFiles/usb-magnetometer.dir/Drivers/STM32L0xx_HAL_Driver/Src/stm32l0xx_hal_dma.c.obj
 .debug_aranges
                0x00000398       0x58 CMakeFiles/usb-magnetometer.dir/Drivers/STM32L0xx_HAL_Driver/Src/stm32l0xx_hal_gpio.c.obj
 .debug_aranges
                0x000003f0       0x80 CMakeFiles/usb-magnetometer.dir/Drivers/STM32L0xx_HAL_Driver/Src/stm32l0xx_hal_rcc.c.obj
 .debug_aranges
                0x00000470       0x58 CMakeFiles/usb-magnetometer.dir/Drivers/STM32L0xx_HAL_Driver/Src/stm32l0xx_hal_rcc_ex.c.obj
 .debug_aranges
                0x000004c8      0x1d0 CMakeFiles/usb-magnetometer.dir/Drivers/STM32L0xx_HAL_Driver/Src/stm32l0xx_hal_spi.c.obj
 .debug_aranges
                0x00000698      0x228 CMakeFiles/usb-magnetometer.dir/Drivers/STM32L0xx_HAL_Driver/Src/stm32l0xx_hal_uart.c.obj
 .debug_aranges
                0x000008c0       0x78 CMakeFiles/usb-magnetometer.dir/Drivers/STM32L0xx_HAL_Driver/Src/stm32l0xx_hal_uart_ex.c.obj
 .debug_aranges
                0x00000938       0x48 CMakeFiles/usb-magnetometer.dir/Project/src/server.c.obj
 .debug_aranges
                0x00000980       0x28 CMakeFiles/usb-magnetometer.dir/startup_stm32l010x6.s.obj

.debug_rnglists
                0x00000000      0x744
 .debug_rnglists
                0x00000000       0x13 CMakeFiles/usb-magnetometer.dir/Core/Src/dma.c.obj
 .debug_rnglists
                0x00000013       0x13 CMakeFiles/usb-magnetometer.dir/Core/Src/gpio.c.obj
 .debug_rnglists
                0x00000026       0x26 CMakeFiles/usb-magnetometer.dir/Core/Src/main.c.obj
 .debug_rnglists
                0x0000004c       0x1f CMakeFiles/usb-magnetometer.dir/Core/Src/spi.c.obj
 .debug_rnglists
                0x0000006b       0x13 CMakeFiles/usb-magnetometer.dir/Core/Src/stm32l0xx_hal_msp.c.obj
 .debug_rnglists
                0x0000007e       0x37 CMakeFiles/usb-magnetometer.dir/Core/Src/stm32l0xx_it.c.obj
 .debug_rnglists
                0x000000b5       0x1a CMakeFiles/usb-magnetometer.dir/Core/Src/system_stm32l0xx.c.obj
 .debug_rnglists
                0x000000cf       0x20 CMakeFiles/usb-magnetometer.dir/Core/Src/usart.c.obj
 .debug_rnglists
                0x000000ef       0xc7 CMakeFiles/usb-magnetometer.dir/Drivers/STM32L0xx_HAL_Driver/Src/stm32l0xx_hal.c.obj
 .debug_rnglists
                0x000001b6       0x79 CMakeFiles/usb-magnetometer.dir/Drivers/STM32L0xx_HAL_Driver/Src/stm32l0xx_hal_cortex.c.obj
 .debug_rnglists
                0x0000022f       0x5e CMakeFiles/usb-magnetometer.dir/Drivers/STM32L0xx_HAL_Driver/Src/stm32l0xx_hal_dma.c.obj
 .debug_rnglists
                0x0000028d       0x3f CMakeFiles/usb-magnetometer.dir/Drivers/STM32L0xx_HAL_Driver/Src/stm32l0xx_hal_gpio.c.obj
 .debug_rnglists
                0x000002cc       0x7d CMakeFiles/usb-magnetometer.dir/Drivers/STM32L0xx_HAL_Driver/Src/stm32l0xx_hal_rcc.c.obj
 .debug_rnglists
                0x00000349       0x3f CMakeFiles/usb-magnetometer.dir/Drivers/STM32L0xx_HAL_Driver/Src/stm32l0xx_hal_rcc_ex.c.obj
 .debug_rnglists
                0x00000388      0x169 CMakeFiles/usb-magnetometer.dir/Drivers/STM32L0xx_HAL_Driver/Src/stm32l0xx_hal_spi.c.obj
 .debug_rnglists
                0x000004f1      0x1b0 CMakeFiles/usb-magnetometer.dir/Drivers/STM32L0xx_HAL_Driver/Src/stm32l0xx_hal_uart.c.obj
 .debug_rnglists
                0x000006a1       0x58 CMakeFiles/usb-magnetometer.dir/Drivers/STM32L0xx_HAL_Driver/Src/stm32l0xx_hal_uart_ex.c.obj
 .debug_rnglists
                0x000006f9       0x31 CMakeFiles/usb-magnetometer.dir/Project/src/server.c.obj
 .debug_rnglists
                0x0000072a       0x1a CMakeFiles/usb-magnetometer.dir/startup_stm32l010x6.s.obj

.debug_macro    0x00000000    0x1136b
 .debug_macro   0x00000000      0x1cd CMakeFiles/usb-magnetometer.dir/Core/Src/dma.c.obj
 .debug_macro   0x000001cd      0xa84 CMakeFiles/usb-magnetometer.dir/Core/Src/dma.c.obj
 .debug_macro   0x00000c51      0x125 CMakeFiles/usb-magnetometer.dir/Core/Src/dma.c.obj
 .debug_macro   0x00000d76       0x2e CMakeFiles/usb-magnetometer.dir/Core/Src/dma.c.obj
 .debug_macro   0x00000da4       0x28 CMakeFiles/usb-magnetometer.dir/Core/Src/dma.c.obj
 .debug_macro   0x00000dcc       0x22 CMakeFiles/usb-magnetometer.dir/Core/Src/dma.c.obj
 .debug_macro   0x00000dee       0x8e CMakeFiles/usb-magnetometer.dir/Core/Src/dma.c.obj
 .debug_macro   0x00000e7c       0x51 CMakeFiles/usb-magnetometer.dir/Core/Src/dma.c.obj
 .debug_macro   0x00000ecd      0x103 CMakeFiles/usb-magnetometer.dir/Core/Src/dma.c.obj
 .debug_macro   0x00000fd0       0x6a CMakeFiles/usb-magnetometer.dir/Core/Src/dma.c.obj
 .debug_macro   0x0000103a      0x1df CMakeFiles/usb-magnetometer.dir/Core/Src/dma.c.obj
 .debug_macro   0x00001219       0x1c CMakeFiles/usb-magnetometer.dir/Core/Src/dma.c.obj
 .debug_macro   0x00001235       0x22 CMakeFiles/usb-magnetometer.dir/Core/Src/dma.c.obj
 .debug_macro   0x00001257       0xaf CMakeFiles/usb-magnetometer.dir/Core/Src/dma.c.obj
 .debug_macro   0x00001306      0x3ad CMakeFiles/usb-magnetometer.dir/Core/Src/dma.c.obj
 .debug_macro   0x000016b3     0x7a29 CMakeFiles/usb-magnetometer.dir/Core/Src/dma.c.obj
 .debug_macro   0x000090dc       0x66 CMakeFiles/usb-magnetometer.dir/Core/Src/dma.c.obj
 .debug_macro   0x00009142     0x3555 CMakeFiles/usb-magnetometer.dir/Core/Src/dma.c.obj
 .debug_macro   0x0000c697      0x189 CMakeFiles/usb-magnetometer.dir/Core/Src/dma.c.obj
 .debug_macro   0x0000c820       0x5b CMakeFiles/usb-magnetometer.dir/Core/Src/dma.c.obj
 .debug_macro   0x0000c87b      0x8a0 CMakeFiles/usb-magnetometer.dir/Core/Src/dma.c.obj
 .debug_macro   0x0000d11b      0x42e CMakeFiles/usb-magnetometer.dir/Core/Src/dma.c.obj
 .debug_macro   0x0000d549      0x18a CMakeFiles/usb-magnetometer.dir/Core/Src/dma.c.obj
 .debug_macro   0x0000d6d3      0x13f CMakeFiles/usb-magnetometer.dir/Core/Src/dma.c.obj
 .debug_macro   0x0000d812       0xff CMakeFiles/usb-magnetometer.dir/Core/Src/dma.c.obj
 .debug_macro   0x0000d911       0x82 CMakeFiles/usb-magnetometer.dir/Core/Src/dma.c.obj
 .debug_macro   0x0000d993      0x24f CMakeFiles/usb-magnetometer.dir/Core/Src/dma.c.obj
 .debug_macro   0x0000dbe2       0x28 CMakeFiles/usb-magnetometer.dir/Core/Src/dma.c.obj
 .debug_macro   0x0000dc0a      0x129 CMakeFiles/usb-magnetometer.dir/Core/Src/dma.c.obj
 .debug_macro   0x0000dd33      0x1c6 CMakeFiles/usb-magnetometer.dir/Core/Src/dma.c.obj
 .debug_macro   0x0000def9      0x22c CMakeFiles/usb-magnetometer.dir/Core/Src/dma.c.obj
 .debug_macro   0x0000e125       0x5b CMakeFiles/usb-magnetometer.dir/Core/Src/dma.c.obj
 .debug_macro   0x0000e180       0xa5 CMakeFiles/usb-magnetometer.dir/Core/Src/dma.c.obj
 .debug_macro   0x0000e225       0xb6 CMakeFiles/usb-magnetometer.dir/Core/Src/dma.c.obj
 .debug_macro   0x0000e2db       0x16 CMakeFiles/usb-magnetometer.dir/Core/Src/dma.c.obj
 .debug_macro   0x0000e2f1      0x22c CMakeFiles/usb-magnetometer.dir/Core/Src/dma.c.obj
 .debug_macro   0x0000e51d      0x5ba CMakeFiles/usb-magnetometer.dir/Core/Src/dma.c.obj
 .debug_macro   0x0000ead7       0x44 CMakeFiles/usb-magnetometer.dir/Core/Src/dma.c.obj
 .debug_macro   0x0000eb1b      0x100 CMakeFiles/usb-magnetometer.dir/Core/Src/dma.c.obj
 .debug_macro   0x0000ec1b      0x1cd CMakeFiles/usb-magnetometer.dir/Core/Src/gpio.c.obj
 .debug_macro   0x0000ede8      0x1f9 CMakeFiles/usb-magnetometer.dir/Core/Src/main.c.obj
 .debug_macro   0x0000efe1      0x1cd CMakeFiles/usb-magnetometer.dir/Core/Src/spi.c.obj
 .debug_macro   0x0000f1ae      0x1c3 CMakeFiles/usb-magnetometer.dir/Core/Src/stm32l0xx_hal_msp.c.obj
 .debug_macro   0x0000f371      0x1cd CMakeFiles/usb-magnetometer.dir/Core/Src/stm32l0xx_it.c.obj
 .debug_macro   0x0000f53e      0x1b9 CMakeFiles/usb-magnetometer.dir/Core/Src/system_stm32l0xx.c.obj
 .debug_macro   0x0000f6f7      0x1cd CMakeFiles/usb-magnetometer.dir/Core/Src/usart.c.obj
 .debug_macro   0x0000f8c4      0x1dd CMakeFiles/usb-magnetometer.dir/Drivers/STM32L0xx_HAL_Driver/Src/stm32l0xx_hal.c.obj
 .debug_macro   0x0000faa1      0x1b9 CMakeFiles/usb-magnetometer.dir/Drivers/STM32L0xx_HAL_Driver/Src/stm32l0xx_hal_cortex.c.obj
 .debug_macro   0x0000fc5a      0x1b9 CMakeFiles/usb-magnetometer.dir/Drivers/STM32L0xx_HAL_Driver/Src/stm32l0xx_hal_dma.c.obj
 .debug_macro   0x0000fe13      0x1c0 CMakeFiles/usb-magnetometer.dir/Drivers/STM32L0xx_HAL_Driver/Src/stm32l0xx_hal_gpio.c.obj
 .debug_macro   0x0000ffd3      0x1dd CMakeFiles/usb-magnetometer.dir/Drivers/STM32L0xx_HAL_Driver/Src/stm32l0xx_hal_rcc.c.obj
 .debug_macro   0x000101b0      0x1b9 CMakeFiles/usb-magnetometer.dir/Drivers/STM32L0xx_HAL_Driver/Src/stm32l0xx_hal_rcc_ex.c.obj
 .debug_macro   0x00010369      0x1c8 CMakeFiles/usb-magnetometer.dir/Drivers/STM32L0xx_HAL_Driver/Src/stm32l0xx_hal_spi.c.obj
 .debug_macro   0x00010531      0x1e4 CMakeFiles/usb-magnetometer.dir/Drivers/STM32L0xx_HAL_Driver/Src/stm32l0xx_hal_uart.c.obj
 .debug_macro   0x00010715      0x1b9 CMakeFiles/usb-magnetometer.dir/Drivers/STM32L0xx_HAL_Driver/Src/stm32l0xx_hal_uart_ex.c.obj
 .debug_macro   0x000108ce      0x2bb CMakeFiles/usb-magnetometer.dir/Project/src/server.c.obj
 .debug_macro   0x00010b89       0x22 CMakeFiles/usb-magnetometer.dir/Project/src/server.c.obj
 .debug_macro   0x00010bab       0x61 CMakeFiles/usb-magnetometer.dir/Project/src/server.c.obj
 .debug_macro   0x00010c0c       0x24 CMakeFiles/usb-magnetometer.dir/Project/src/server.c.obj
 .debug_macro   0x00010c30       0x43 CMakeFiles/usb-magnetometer.dir/Project/src/server.c.obj
 .debug_macro   0x00010c73       0x34 CMakeFiles/usb-magnetometer.dir/Project/src/server.c.obj
 .debug_macro   0x00010ca7       0x16 CMakeFiles/usb-magnetometer.dir/Project/src/server.c.obj
 .debug_macro   0x00010cbd       0x43 CMakeFiles/usb-magnetometer.dir/Project/src/server.c.obj
 .debug_macro   0x00010d00       0x34 CMakeFiles/usb-magnetometer.dir/Project/src/server.c.obj
 .debug_macro   0x00010d34       0x10 CMakeFiles/usb-magnetometer.dir/Project/src/server.c.obj
 .debug_macro   0x00010d44       0x58 CMakeFiles/usb-magnetometer.dir/Project/src/server.c.obj
 .debug_macro   0x00010d9c       0x8e CMakeFiles/usb-magnetometer.dir/Project/src/server.c.obj
 .debug_macro   0x00010e2a       0x1c CMakeFiles/usb-magnetometer.dir/Project/src/server.c.obj
 .debug_macro   0x00010e46      0x177 CMakeFiles/usb-magnetometer.dir/Project/src/server.c.obj
 .debug_macro   0x00010fbd      0x369 CMakeFiles/usb-magnetometer.dir/Project/src/server.c.obj
 .debug_macro   0x00011326       0x10 CMakeFiles/usb-magnetometer.dir/Project/src/server.c.obj
 .debug_macro   0x00011336       0x35 CMakeFiles/usb-magnetometer.dir/Project/src/server.c.obj

.debug_line     0x00000000    0x10bd9
 .debug_line    0x00000000      0x68c CMakeFiles/usb-magnetometer.dir/Core/Src/dma.c.obj
 .debug_line    0x0000068c      0x694 CMakeFiles/usb-magnetometer.dir/Core/Src/gpio.c.obj
 .debug_line    0x00000d20      0x81c CMakeFiles/usb-magnetometer.dir/Core/Src/main.c.obj
 .debug_line    0x0000153c      0x777 CMakeFiles/usb-magnetometer.dir/Core/Src/spi.c.obj
 .debug_line    0x00001cb3      0x68d CMakeFiles/usb-magnetometer.dir/Core/Src/stm32l0xx_hal_msp.c.obj
 .debug_line    0x00002340      0x73d CMakeFiles/usb-magnetometer.dir/Core/Src/stm32l0xx_it.c.obj
 .debug_line    0x00002a7d      0x777 CMakeFiles/usb-magnetometer.dir/Core/Src/system_stm32l0xx.c.obj
 .debug_line    0x000031f4      0x840 CMakeFiles/usb-magnetometer.dir/Core/Src/usart.c.obj
 .debug_line    0x00003a34      0xa9a CMakeFiles/usb-magnetometer.dir/Drivers/STM32L0xx_HAL_Driver/Src/stm32l0xx_hal.c.obj
 .debug_line    0x000044ce      0xa26 CMakeFiles/usb-magnetometer.dir/Drivers/STM32L0xx_HAL_Driver/Src/stm32l0xx_hal_cortex.c.obj
 .debug_line    0x00004ef4      0xe95 CMakeFiles/usb-magnetometer.dir/Drivers/STM32L0xx_HAL_Driver/Src/stm32l0xx_hal_dma.c.obj
 .debug_line    0x00005d89      0xb5e CMakeFiles/usb-magnetometer.dir/Drivers/STM32L0xx_HAL_Driver/Src/stm32l0xx_hal_gpio.c.obj
 .debug_line    0x000068e7     0x11fc CMakeFiles/usb-magnetometer.dir/Drivers/STM32L0xx_HAL_Driver/Src/stm32l0xx_hal_rcc.c.obj
 .debug_line    0x00007ae3      0xb1b CMakeFiles/usb-magnetometer.dir/Drivers/STM32L0xx_HAL_Driver/Src/stm32l0xx_hal_rcc_ex.c.obj
 .debug_line    0x000085fe     0x2a20 CMakeFiles/usb-magnetometer.dir/Drivers/STM32L0xx_HAL_Driver/Src/stm32l0xx_hal_spi.c.obj
 .debug_line    0x0000b01e     0x4272 CMakeFiles/usb-magnetometer.dir/Drivers/STM32L0xx_HAL_Driver/Src/stm32l0xx_hal_uart.c.obj
 .debug_line    0x0000f290      0xfcb CMakeFiles/usb-magnetometer.dir/Drivers/STM32L0xx_HAL_Driver/Src/stm32l0xx_hal_uart_ex.c.obj
 .debug_line    0x0001025b      0x8f1 CMakeFiles/usb-magnetometer.dir/Project/src/server.c.obj
 .debug_line    0x00010b4c       0x8d CMakeFiles/usb-magnetometer.dir/startup_stm32l010x6.s.obj

.debug_str      0x00000000    0x64c90
 .debug_str     0x00000000    0x5ec31 CMakeFiles/usb-magnetometer.dir/Core/Src/dma.c.obj
                              0x5ef14 (size before relaxing)
 .debug_str     0x0005ec31       0x62 CMakeFiles/usb-magnetometer.dir/Core/Src/gpio.c.obj
                              0x5ef17 (size before relaxing)
 .debug_str     0x0005ec93      0x480 CMakeFiles/usb-magnetometer.dir/Core/Src/main.c.obj
                              0x5f306 (size before relaxing)
 .debug_str     0x0005f113      0x481 CMakeFiles/usb-magnetometer.dir/Core/Src/spi.c.obj
                              0x5f40b (size before relaxing)
 .debug_str     0x0005f594       0x62 CMakeFiles/usb-magnetometer.dir/Core/Src/stm32l0xx_hal_msp.c.obj
                              0x5ef10 (size before relaxing)
 .debug_str     0x0005f5f6      0x2a1 CMakeFiles/usb-magnetometer.dir/Core/Src/stm32l0xx_it.c.obj
                              0x5f351 (size before relaxing)
 .debug_str     0x0005f897       0xdd CMakeFiles/usb-magnetometer.dir/Core/Src/system_stm32l0xx.c.obj
                              0x5ef93 (size before relaxing)
 .debug_str     0x0005f974       0xb7 CMakeFiles/usb-magnetometer.dir/Core/Src/usart.c.obj
                              0x5f5d3 (size before relaxing)
 .debug_str     0x0005fa2b      0x4b4 CMakeFiles/usb-magnetometer.dir/Drivers/STM32L0xx_HAL_Driver/Src/stm32l0xx_hal.c.obj
                              0x5f61e (size before relaxing)
 .debug_str     0x0005fedf      0x1e6 CMakeFiles/usb-magnetometer.dir/Drivers/STM32L0xx_HAL_Driver/Src/stm32l0xx_hal_cortex.c.obj
                              0x5f265 (size before relaxing)
 .debug_str     0x000600c5      0x273 CMakeFiles/usb-magnetometer.dir/Drivers/STM32L0xx_HAL_Driver/Src/stm32l0xx_hal_dma.c.obj
                              0x5f307 (size before relaxing)
 .debug_str     0x00060338      0x16b CMakeFiles/usb-magnetometer.dir/Drivers/STM32L0xx_HAL_Driver/Src/stm32l0xx_hal_gpio.c.obj
                              0x5f125 (size before relaxing)
 .debug_str     0x000604a3      0x2b2 CMakeFiles/usb-magnetometer.dir/Drivers/STM32L0xx_HAL_Driver/Src/stm32l0xx_hal_rcc.c.obj
                              0x5f463 (size before relaxing)
 .debug_str     0x00060755      0x156 CMakeFiles/usb-magnetometer.dir/Drivers/STM32L0xx_HAL_Driver/Src/stm32l0xx_hal_rcc_ex.c.obj
                              0x5f189 (size before relaxing)
 .debug_str     0x000608ab      0x5a8 CMakeFiles/usb-magnetometer.dir/Drivers/STM32L0xx_HAL_Driver/Src/stm32l0xx_hal_spi.c.obj
                              0x5f882 (size before relaxing)
 .debug_str     0x00060e53      0x8cc CMakeFiles/usb-magnetometer.dir/Drivers/STM32L0xx_HAL_Driver/Src/stm32l0xx_hal_uart.c.obj
                              0x5fd3c (size before relaxing)
 .debug_str     0x0006171f      0x213 CMakeFiles/usb-magnetometer.dir/Drivers/STM32L0xx_HAL_Driver/Src/stm32l0xx_hal_uart_ex.c.obj
                              0x5f5b8 (size before relaxing)
 .debug_str     0x00061932     0x32f3 CMakeFiles/usb-magnetometer.dir/Project/src/server.c.obj
                              0x6260e (size before relaxing)
 .debug_str     0x00064c25       0x6b CMakeFiles/usb-magnetometer.dir/startup_stm32l010x6.s.obj
                                 0xaa (size before relaxing)

.comment        0x00000000       0x45
 .comment       0x00000000       0x45 CMakeFiles/usb-magnetometer.dir/Core/Src/dma.c.obj
                                 0x46 (size before relaxing)
 .comment       0x00000045       0x46 CMakeFiles/usb-magnetometer.dir/Core/Src/gpio.c.obj
 .comment       0x00000045       0x46 CMakeFiles/usb-magnetometer.dir/Core/Src/main.c.obj
 .comment       0x00000045       0x46 CMakeFiles/usb-magnetometer.dir/Core/Src/spi.c.obj
 .comment       0x00000045       0x46 CMakeFiles/usb-magnetometer.dir/Core/Src/stm32l0xx_hal_msp.c.obj
 .comment       0x00000045       0x46 CMakeFiles/usb-magnetometer.dir/Core/Src/stm32l0xx_it.c.obj
 .comment       0x00000045       0x46 CMakeFiles/usb-magnetometer.dir/Core/Src/system_stm32l0xx.c.obj
 .comment       0x00000045       0x46 CMakeFiles/usb-magnetometer.dir/Core/Src/usart.c.obj
 .comment       0x00000045       0x46 CMakeFiles/usb-magnetometer.dir/Drivers/STM32L0xx_HAL_Driver/Src/stm32l0xx_hal.c.obj
 .comment       0x00000045       0x46 CMakeFiles/usb-magnetometer.dir/Drivers/STM32L0xx_HAL_Driver/Src/stm32l0xx_hal_cortex.c.obj
 .comment       0x00000045       0x46 CMakeFiles/usb-magnetometer.dir/Drivers/STM32L0xx_HAL_Driver/Src/stm32l0xx_hal_dma.c.obj
 .comment       0x00000045       0x46 CMakeFiles/usb-magnetometer.dir/Drivers/STM32L0xx_HAL_Driver/Src/stm32l0xx_hal_gpio.c.obj
 .comment       0x00000045       0x46 CMakeFiles/usb-magnetometer.dir/Drivers/STM32L0xx_HAL_Driver/Src/stm32l0xx_hal_rcc.c.obj
 .comment       0x00000045       0x46 CMakeFiles/usb-magnetometer.dir/Drivers/STM32L0xx_HAL_Driver/Src/stm32l0xx_hal_rcc_ex.c.obj
 .comment       0x00000045       0x46 CMakeFiles/usb-magnetometer.dir/Drivers/STM32L0xx_HAL_Driver/Src/stm32l0xx_hal_spi.c.obj
 .comment       0x00000045       0x46 CMakeFiles/usb-magnetometer.dir/Drivers/STM32L0xx_HAL_Driver/Src/stm32l0xx_hal_uart.c.obj
 .comment       0x00000045       0x46 CMakeFiles/usb-magnetometer.dir/Drivers/STM32L0xx_HAL_Driver/Src/stm32l0xx_hal_uart_ex.c.obj
 .comment       0x00000045       0x46 CMakeFiles/usb-magnetometer.dir/Project/src/server.c.obj

.debug_loclists
                0x00000000     0x53d5
 .debug_loclists
                0x00000000       0x59 CMakeFiles/usb-magnetometer.dir/Core/Src/spi.c.obj
 .debug_loclists
                0x00000059      0x157 CMakeFiles/usb-magnetometer.dir/Core/Src/system_stm32l0xx.c.obj
 .debug_loclists
                0x000001b0       0x5e CMakeFiles/usb-magnetometer.dir/Core/Src/usart.c.obj
 .debug_loclists
                0x0000020e       0xe6 CMakeFiles/usb-magnetometer.dir/Drivers/STM32L0xx_HAL_Driver/Src/stm32l0xx_hal.c.obj
 .debug_loclists
                0x000002f4      0x1ae CMakeFiles/usb-magnetometer.dir/Drivers/STM32L0xx_HAL_Driver/Src/stm32l0xx_hal_cortex.c.obj
 .debug_loclists
                0x000004a2      0x540 CMakeFiles/usb-magnetometer.dir/Drivers/STM32L0xx_HAL_Driver/Src/stm32l0xx_hal_dma.c.obj
 .debug_loclists
                0x000009e2      0x27f CMakeFiles/usb-magnetometer.dir/Drivers/STM32L0xx_HAL_Driver/Src/stm32l0xx_hal_gpio.c.obj
 .debug_loclists
                0x00000c61      0x495 CMakeFiles/usb-magnetometer.dir/Drivers/STM32L0xx_HAL_Driver/Src/stm32l0xx_hal_rcc.c.obj
 .debug_loclists
                0x000010f6      0x385 CMakeFiles/usb-magnetometer.dir/Drivers/STM32L0xx_HAL_Driver/Src/stm32l0xx_hal_rcc_ex.c.obj
 .debug_loclists
                0x0000147b     0x14a6 CMakeFiles/usb-magnetometer.dir/Drivers/STM32L0xx_HAL_Driver/Src/stm32l0xx_hal_spi.c.obj
 .debug_loclists
                0x00002921     0x2343 CMakeFiles/usb-magnetometer.dir/Drivers/STM32L0xx_HAL_Driver/Src/stm32l0xx_hal_uart.c.obj
 .debug_loclists
                0x00004c64      0x6ec CMakeFiles/usb-magnetometer.dir/Drivers/STM32L0xx_HAL_Driver/Src/stm32l0xx_hal_uart_ex.c.obj
 .debug_loclists
                0x00005350       0x85 CMakeFiles/usb-magnetometer.dir/Project/src/server.c.obj

.debug_line_str
                0x00000000      0x163
 .debug_line_str
                0x00000000       0x8e CMakeFiles/usb-magnetometer.dir/startup_stm32l010x6.s.obj
 .debug_line_str
                0x0000008e       0xc9 c:/programy/arm_gnu_toolchain/arm-none-eabi/12.2 rel1/bin/../lib/gcc/arm-none-eabi/12.2.1/thumb/v6-m/nofp\libgcc.a(_udivsi3.o)
 .debug_line_str
                0x00000157       0xc9 c:/programy/arm_gnu_toolchain/arm-none-eabi/12.2 rel1/bin/../lib/gcc/arm-none-eabi/12.2.1/thumb/v6-m/nofp\libgcc.a(_dvmd_tls.o)
 .debug_line_str
                0x00000157        0xc c:/programy/arm_gnu_toolchain/arm-none-eabi/12.2 rel1/bin/../lib/gcc/arm-none-eabi/12.2.1/thumb/v6-m/nofp\libgcc.a(_aeabi_uldivmod.o)
                                 0xc9 (size before relaxing)
 .debug_line_str
                0x00000163       0xc9 c:/programy/arm_gnu_toolchain/arm-none-eabi/12.2 rel1/bin/../lib/gcc/arm-none-eabi/12.2.1/thumb/v6-m/nofp\libgcc.a(_clzdi2.o)
 .debug_line_str
                0x00000163       0xc9 c:/programy/arm_gnu_toolchain/arm-none-eabi/12.2 rel1/bin/../lib/gcc/arm-none-eabi/12.2.1/thumb/v6-m/nofp\libgcc.a(_clzsi2.o)
